-> Error: Unknown command: a
-> Error: You must connect to a server first.
-> Error: You must connect to a server first.
